[2026-09-13 20:14:30.423482] pre_llm_call send result: {"code":200}
[2026-09-13 20:14:30.423482] pre_llm_call send result: {"code":200}
[2026-09-13 20:14:30.423482] pre_llm_call send result: {"code":200}
[2026-09-13 20:14:30.423482] pre_llm_call: plugin disabled, skip
[2026-09-13 20:14:30.423482] post_llm_call: plugin disabled, skip
[2026-09-13 20:14:30.424522] pre_llm_call send result: {"code":200}
[2026-09-20 13:45:01.068594] hook fired, keys=['user_message', 'assistant_response']
[2026-09-20 13:45:01.069586] hook error: <lambda>() got an unexpected keyword argument 'template'
[2026-09-20 13:45:01.069586] hook fired, keys=['user_message', 'assistant_response']
[2026-09-20 13:45:01.069586] hook error: <lambda>() got an unexpected keyword argument 'template'
[2026-09-20 13:45:01.069586] hook fired, keys=['user_message', 'assistant_response']
[2026-09-20 13:45:01.070589] hook error: <lambda>() got an unexpected keyword argument 'template'
[2026-09-28 20:25:20.594498] preflight rejection path patched
[2026-09-29 18:07:06.312814] failed_turn watcher started
[2026-09-29 18:07:06.373178] no token configured, skip send
[2026-09-29 18:07:06.373456] no token configured, skip send
[2026-09-29 18:07:06.374050] no token configured, skip send
[2026-09-29 18:07:06.375000] no token configured, skip send
[2026-09-29 18:07:06.375421] no token configured, skip send
[2026-09-29 18:07:06.375911] no token configured, skip send
[2026-09-29 18:07:06.376197] no token configured, skip send
[2026-09-29 18:07:06.376624] no token configured, skip send
[2026-09-29 18:07:06.376721] no token configured, skip send
[2026-09-29 18:07:06.376967] no token configured, skip send
[2026-09-29 18:07:06.377397] no token configured, skip send
[2026-09-29 18:07:06.377443] no token configured, skip send
[2026-09-29 18:07:06.377825] no token configured, skip send
[2026-09-29 18:07:06.378064] no token configured, skip send
[2026-09-29 18:07:06.378541] no token configured, skip send
[2026-09-29 18:07:06.378671] no token configured, skip send
[2026-09-29 18:07:06.378773] no token configured, skip send
[2026-09-29 19:05:44.861595] preflight rejection path patched
[2026-09-29 19:05:44.866049] failed_turn watcher started
[2026-09-29 19:05:52.872031] on_session_end send result: {"code":200}
[2026-09-29 19:05:52.872655] on_session_end deduped: ❌ 运行失败 already notified for turn t1
[2026-09-29 19:05:52.873297] send result: {"code":200}
[2026-09-29 19:06:06.200428] on_session_end send result: {"code":200}
[2026-09-29 19:06:06.200859] on_session_end deduped: ❌ 运行失败 already notified for turn t1
